I'm sorry, but errors were detected in your script. Please correct the
errors listed below, and try again.


File "game/script.rpy", line 62: show statement expects a non-empty block.
    show meowth at left, talk_jump:
                                   ^

Ren'Py Version: Ren'Py 8.2.1.24030407
Thu Mar 14 16:04:56 2024
